timestamp: 2024-05-25T22:49:30.804835
CREATE TABLE "py4web_session"(
    "id" INTEGER PRIMARY KEY AUTOINCREMENT,
    "rkey" CHAR(512),
    "rvalue" TEXT,
    "expiration" INTEGER,
    "created_on" TIMESTAMP,
    "expires_on" TIMESTAMP
);
success!
timestamp: 2024-05-25T22:49:30.820842
CREATE TABLE "auth_user"(
    "id" INTEGER PRIMARY KEY AUTOINCREMENT,
    "email" CHAR(512) UNIQUE,
    "password" CHAR(512),
    "first_name" CHAR(512),
    "last_name" CHAR(512),
    "sso_id" CHAR(512),
    "action_token" CHAR(512),
    "last_password_change" TIMESTAMP,
    "past_passwords_hash" TEXT
);
success!
timestamp: 2024-05-25T22:49:30.834246
CREATE TABLE "auth_user_tag_groups"(
    "id" INTEGER PRIMARY KEY AUTOINCREMENT,
    "tagpath" CHAR(512),
    "record_id" INTEGER REFERENCES "auth_user" ("id") ON DELETE CASCADE ON UPDATE CASCADE  
);
success!
timestamp: 2024-05-25T22:49:30.849432
CREATE TABLE "species"(
    "id" INTEGER PRIMARY KEY AUTOINCREMENT,
    "name" CHAR(512)
);
success!
timestamp: 2024-05-25T22:49:30.861690
CREATE TABLE "checklist"(
    "id" INTEGER PRIMARY KEY AUTOINCREMENT,
    "checklist_id" CHAR(512) UNIQUE,
    "location" TEXT,
    "created_on" TIMESTAMP,
    "user_id" CHAR(512)
);
success!
timestamp: 2024-05-25T22:49:30.874441
CREATE TABLE "sighting"(
    "id" INTEGER PRIMARY KEY AUTOINCREMENT,
    "checklist_id" INTEGER REFERENCES "checklist" ("id") ON DELETE CASCADE ON UPDATE CASCADE  ,
    "species_id" INTEGER REFERENCES "species" ("id") ON DELETE CASCADE ON UPDATE CASCADE  ,
    "number_seen" INTEGER
);
success!
